exports[`App component App renders correctly 1`] = `
<div>
  My super cool app
</div>
`;
